jal airlock.init
lbwhile2:
  yield
  jal airlock.update
  j lbwhile2
airlock.init:
  sbn HASH("StructureGlassDoor") HASH("In") Lock 1
  sbn HASH("StructureGlassDoor") HASH("Out") Lock 1
  sbn HASH("StructureActiveVent") HASH("In") Mode 1
  sbn HASH("StructureActiveVent") HASH("In") On 0
  sbn HASH("StructureActiveVent") HASH("Out") Mode 1
  sbn HASH("StructureActiveVent") HASH("Out") On 0
  j ra
airlock.update:
  lbn r0 HASH("StructureDiodeSlide") HASH("Switch") On Maximum
  ble r0 0 lbelse3
    lbn r1 HASH("StructureGlassDoor") HASH("In") Open Maximum
    sgt r0 r1 0
    select r1 r0 HASH("Out") HASH("In")
    select r2 r0 HASH("In") HASH("Out")
    sbn HASH("StructureGlassDoor") r2 Open 0
    sbn HASH("StructureActiveVent") r2 On 1
lbwhile9:
    lb r0 HASH("StructureGasSensor") Pressure Maximum
    beq r0 0 lbwhile.end9
      j lbwhile9
lbwhile.end9:
    sleep 0.2
    sbn HASH("StructureActiveVent") r2 On 0
    sbn HASH("StructureGlassDoor") r1 Open 1
    sbn HASH("StructureDiodeSlide") HASH("Switch") On 0
    sleep 1
lbelse3:
  j ra
# registers: 3
# lines: 34
