get r0 db 0
get r1 db 1
add r1 r0 r1
s db Setting r1
get r1 db 2
get r0 db 3
sub r0 r1 r0
s db Setting r0
get r0 db 4
get r1 db 5
mul r1 r0 r1
s db Setting r1
get r1 db 6
get r0 db 7
div r0 r1 r0
s db Setting r0
get r0 db 8
get r1 db 9
mod r1 r0 r1
s db Setting r1
get r1 db 10
get r0 db 11
pow r0 r1 r0
s db Setting r0
get r0 db 12
get r1 db 13
and r1 r0 r1
s db Setting r1
get r1 db 14
get r0 db 15
or r0 r1 r0
s db Setting r0
get r0 db 16
sub r0 0 r0
s db Setting r0
get r0 db 17
neg r0 r0
s db Setting r0
get r0 db 18
seqz r0 r0
s db Setting r0
# registers: 2
# lines: 41
