lb r0 HASH("StructureGasSensor") Temperature Average
sgt r0 r0 100
lb r1 HASH("StructureGasSensor") Temperature Average
slt r1 r1 200
lb r2 HASH("StructureGasSensor") Pressure Average
sgt r2 r2 150
lb r3 HASH("StructureGasSensor") Pressure Average
slt r3 r3 250
and r3 r2 r3
and r3 r1 r3
and r3 r0 r3
lb r0 HASH("StructureGasSensor") Pressure Average
slt r0 r0 270
or r0 r3 r0
sbn HASH("StructureCondensationChamber") 123 On r0
# registers: 4
# lines: 15
