lbwhile1:
  lb r0 HASH("StructureBattery") Ratio Average
  lb r4 HASH("StructureWeatherStation") NextWeatherEventTime Average
  slt r1 r4 1
  slt r4 r0 0.2
  and r2 r4 r1
  seqz r3 r2
  beqz r2 lbelse8
    s db Setting 2
lbelse8:
  beqz r3 lbelse9
    sub r4 0 r0
    s db Setting r4
lbelse9:
  j lbwhile1
# registers: 5
# lines: 15
