l r0 db Setting
select r1 r0 6 3
seq r2 r0 2
select r1 r2 7 r1
seq r2 r0 3
select r1 r2 3 r1
seq r2 r0 4
select r1 r2 6 r1
s db On r1
s db Setting 999
select r2 r0 456 123
s db On r2
s db Setting 999
s db On 777
move r2 0
bge r2 3 23
select r4 r0 HASH("N2") -17887051
seq r5 r0 2
select r4 r5 $32ABE8C1 r4
lbn r5 -1252983604 r4 5 0
sbn -815193061 r4 12 r5
add r2 r2 1
j 15
l r3 db On
s db Setting 90
l r3 db On
select r4 r3 91 90
s db Setting r4
l r3 db On
select r4 r3 91 90
seq r5 r3 2
select r4 r5 92 r4
s db Setting r4
l r3 db On
select r4 r3 91 90
seq r5 r3 2
select r4 r5 92 r4
seq r5 r3 3
select r4 r5 93 r4
s db Setting r4
l r3 db On
select r4 r3 91 90
seq r5 r3 2
select r4 r5 92 r4
seq r5 r3 3
select r4 r5 93 r4
seq r5 r3 4
select r4 r5 94 r4
s db Setting r4
l r3 db On
mod r5 r3 2
sub r4 r3 r5
brgez r4
select r4 r5 90 91
j 58
select r4 r5 92 93
j 58
select r4 r5 94 95
s db Setting r4
l r3 db On
mod r5 r3 2
sub r4 r3 r5
brgez r4
select r4 r5 90 91
j 70
select r4 r5 92 93
j 70
select r4 r5 94 95
j 70
select r4 r5 96 90
s db Setting r4
l r3 db On
mod r5 r3 2
sub r4 r3 r5
brgez r4
select r4 r5 90 91
j 82
select r4 r5 92 93
j 82
select r4 r5 94 95
j 82
select r4 r5 96 97
s db Setting r4
j 14
# registers: 6
# lines: 84
