get r0 db 0
get r1 db 1
get r2 db 2
move r10 0
move r11 0
brge r11 r0 4
add r10 r10 r11
add r11 r11 1
jr -4
move r3 r10
s db Setting r3
move r11 0
move r12 r0
brge r12 r1 4
add r11 r11 r12
add r12 r12 1
jr -4
move r4 r11
s db Setting r4
move r12 0
move r13 r0
brge r13 r1 4
add r12 r12 r13
add r13 r13 r2
jr -4
move r5 r12
s db Setting r5
move r9 0
move r10 0
brge r10 10 4
add r9 r9 r10
add r10 r10 1
jr -4
move r6 r9
s db Setting r6
move r9 0
move r10 5
brge r10 15 4
add r9 r9 r10
add r10 r10 1
jr -4
move r7 r9
s db Setting r7
move r9 0
move r10 2
brge r10 20 4
add r9 r9 r10
add r10 r10 3
jr -4
move r8 r9
s db Setting r8
jr -51
# registers: 14
# lines: 52
