jal 24
get r0 db 511
jal 24
get r1 db 511
add r1 r0 r1
jal 15
get r0 db 511
add r0 r1 r0
s db Setting r0
j 0
l r6 db Setting
l r7 db Setting
add r7 r6 r7
put db 511 r7
j ra
push ra
jal 10
get r4 db 511
jal 10
get r5 db 511
mul r5 r4 r5
put db 511 r5
pop ra
j ra
push ra
jal 15
get r2 db 511
jal 15
get r3 db 511
add r3 r2 r3
jal 10
get r2 db 511
add r2 r3 r2
put db 511 r2
pop ra
j ra
# registers: 8
# lines: 36
