lbwhile1:
  jal f.outer
  get r0 db 511
  jal f.outer
  get r1 db 511
  add r2 r0 r1
  jal f.mid
  get r0 db 511
  add r1 r2 r0
  s db Setting r1
  j lbwhile1
f.inner:
  l r9 db Setting
  l r10 db Setting
  add r11 r9 r10
  put db 511 r11
  j ra
f.mid:
  jal f.inner
  get r6 db 511
  jal f.inner
  get r7 db 511
  mul r8 r6 r7
  put db 511 r8
  j ra
f.outer:
  jal f.mid
  get r3 db 511
  jal f.mid
  get r4 db 511
  add r5 r3 r4
  jal f.inner
  get r3 db 511
  add r4 r5 r3
  put db 511 r4
  j ra
# registers: 12
# lines: 36
