jal 22
get r0 db 511
jal 22
get r1 db 511
add r2 r0 r1
jal 15
get r0 db 511
add r1 r2 r0
s db Setting r1
j 0
l r9 db Setting
l r10 db Setting
add r11 r9 r10
put db 511 r11
j ra
jal 10
get r6 db 511
jal 10
get r7 db 511
mul r8 r6 r7
put db 511 r8
j ra
jal 15
get r3 db 511
jal 15
get r4 db 511
add r5 r3 r4
jal 10
get r3 db 511
add r4 r5 r3
put db 511 r4
j ra
# registers: 12
# lines: 32
