lbwhile1:
  jal handle.furnace
  jal handle.furnaces
  j lbwhile1
handle.furnace:
  ls r0 d0 0 Occupied
  beqz r0 lbelse2
    s d0 Activate 1
lbelse2:
  ls r0 d0 0 PrefabHash
  ss d0 1 Occupied r0
  j ra
handle.furnaces:
  lbs r0 -247344692 0 Occupied 3
  beqz r0 lbelse5
    sb -247344692 Activate 1
lbelse5:
  lbs r0 -247344692 0 PrefabHash 3
  sbs -247344692 1 Occupied r0
  j ra
# registers: 1
# lines: 20
