sbn -324331872 HASH("In") Lock 1
sbn -324331872 HASH("In") Lock 1
sbn -1129453144 HASH("In") Mode 1
sbn -1129453144 HASH("In") On 0
sbn -1129453144 HASH("In") Mode 1
sbn -1129453144 HASH("In") On 0
sb -247344692 On 1
lbwhile1:
  jal handle.airlock
  jal handle.heating
  jal handle.furnace
  j lbwhile1
handle.airlock:
  lbn r3 555215790 HASH("Switch") On 3
  ble r3 0 lbelse2
    lbn r4 -324331872 HASH("In") Open 3
    sgt r0 r4 0
    select r1 r0 HASH("Out") HASH("In")
    select r2 r0 HASH("In") HASH("Out")
    sbn -324331872 r2 Open 0
    sbn -1129453144 r2 On 1
lbwhile9:
    lbn r5 -1252983604 HASH("Airlock") Pressure 3
    beq r5 0 lbwhile.end9
      j lbwhile9
lbwhile.end9:
    sleep 0.2
    sbn -1129453144 r2 On 0
    sbn -324331872 r1 Open 1
    sbn 555215790 HASH("Switch") On 0
    sleep 1
lbelse2:
  j ra
handle.heating:
  lb r0 -400115994 Ratio 0
  lbn r1 -1252983604 HASH("Greenhouse") Temperature 0
  sgt r2 r0 0.1
  slt r3 r1 293.15
  and r4 r2 r3
  sb 24258244 On r4
  s db Setting r0
  j ra
handle.furnace:
  sbn -1129453144 HASH("Furnace") Mode 1
  lbn r0 -1252983604 HASH("Furnace") Temperature 0
  lbn r1 -1252983604 HASH("Furnace") Pressure 0
  lbn r3 -1252983604 HASH("Furnace") RatioOxygen 0
  sgt r2 r3 0.95
  sgt r4 r1 0
  and r5 r2 r4
  beqz r5 lbelse18
    sbn -1129453144 HASH("Furnace") On 1
    sb -247344692 On 0
    j lbend18
lbelse18:
    sbn -1129453144 HASH("Furnace") On 0
    sb -247344692 On 1
    sb -247344692 Activate 1
lbend18:
  sgt r6 r0 150
  sbn -739292323 HASH("Furnace") On r6
  j ra
# registers: 7
# lines: 62
